VBCSCompilerPreWarmer: pre-warm launched (dotnet PID 20104)
VBCSCompiler prewarm took 4.03 ms
[Licensing::Module] Trying to connect to existing licensing client channel...
[Licensing::IpcConnector] Successfully connected to: "LicenseClient-Admin" at "2026-09-10T14:29:09.9543524Z"
Built from '6000.6/respin/6000.6.0f1-fa21a270ab12' branch; Version is '6000.6.0f1 (f7f8ed4d1e24) revision 16251117'; Using compiler version '194234433'; Build Type 'Release'
OS: 'Windows 11  (10.0.26200) Professional' Language: 'en' Physical Memory: 32485 MB
BatchMode: 0, IsHumanControllingUs: 1, StartBugReporterOnCrash: 1, Is64bit: 1
System  architecture: x64
Process architecture: x64
Date: 2026-09-10T14:29:09Z
[Licensing::Client] Code 10 while verifying Licensing Client signature (process Id: 21644, path: "C:/Program Files/Unity Hub/UnityLicensingClient_V1/Unity.Licensing.Client.exe")
[Licensing::Module] LicensingClient has failed validation; ignoring
[Licensing::Client] Handshaking with LicensingClient:
  Version:                 1.18.3+d7ffd15
  Session Id:              0b25ca187e954321aa798ae33d01df0d
  Correlation Id:          9d0041e540cf373f9aa0b2e743537154
  External correlation Id: 5230343034797064551
  Machine Id:              RYq62xkJoQc/GWUknQofv4L/RoI=
[Licensing::Module] Successfully connected to LicensingClient on channel: "LicenseClient-Admin" (connect: 0.00s, validation: 0.00s, handshake: 0.02s)
[Licensing::IpcConnector] Successfully connected to: "LicenseClient-Admin-notifications" at "2026-09-10T14:29:09.9765439Z"
[Licensing::Module] Error: Access token is unavailable; failed to update
[Licensing::Client] Successfully resolved entitlement details
[Licensing::Module] License group:
  Id: 18966725386439-UnityPersXXXX
  Product: Unity Personal
  Type: Assigned
  Expiration: Unlimited
[Licensing::Client] Successfully updated license, isAsync: True, time: 0.00
[Licensing::Client] Successfully resolved entitlement details
[Licensing::Module] Licensing Background thread has ended after 0.03s

COMMAND LINE ARGUMENTS:
C:\Program Files\Unity\Hub\Editor\6000.6.0f1\Editor\Unity.exe
-projectPath
C:\Users\Admin\Documents\HelloNakornpathom\hnp-game
-executeMethod
HNP.Editor.HnpWorld003Integrator.BuildNight008
-quit
-logFile
C:\Users\Admin\Documents\HelloNakornpathom\reports\world\world008-build2.log
Successfully changed project path to: C:\Users\Admin\Documents\HelloNakornpathom\hnp-game
C:/Users/Admin/Documents/HelloNakornpathom/hnp-game
[UnityMemory] Configuration Parameters - Can be set up in boot.config
    "memorysetup-temp-allocator-size-gi-baking-worker=262144"
    "memorysetup-temp-allocator-size-gi-baking-worker=262144"
    "memorysetup-temp-allocator-size-gi-baking-worker=262144"
    "memorysetup-temp-allocator-size-gi-baking-worker=262144"
    "memorysetup-temp-allocator-size-gi-baking-worker=262144"
    "memorysetup-temp-allocator-size-nav-mesh-worker=65536"
    "memorysetup-temp-allocator-size-audio-worker=65536"
    "memorysetup-temp-allocator-size-cloud-worker=32768"
    "memorysetup-temp-allocator-size-gfx=262144"
    "memorysetup-remapper-allocator-initial-capacity=32768"
    "memorysetup-temp-allocator-size-preload-manager=33554432"
    "memorysetup-allocator-temp-initial-block-size-main=262144"
    "memorysetup-allocator-temp-initial-block-size-worker=262144"
    "memorysetup-temp-allocator-size-job-worker=262144"
    "memorysetup-temp-allocator-size-background-worker=32768"
    "memorysetup-bucket-allocator-granularity=16"
    "memorysetup-bucket-allocator-bucket-count=8"
    "memorysetup-bucket-allocator-block-size=33554432"
    "memorysetup-bucket-allocator-block-count=8"
    "memorysetup-main-allocator-block-size=16777216"
    "memorysetup-thread-allocator-block-size=16777216"
    "memorysetup-main-allocator-mimalloc-enabled=1"
    "memorysetup-gfx-main-allocator-block-size=16777216"
    "memorysetup-gfx-thread-allocator-block-size=16777216"
    "memorysetup-cache-allocator-block-size=4194304"
    "memorysetup-typetree-allocator-block-size=2097152"
    "memorysetup-profiler-bucket-allocator-granularity=16"
    "memorysetup-profiler-bucket-allocator-bucket-count=8"
    "memorysetup-profiler-bucket-allocator-block-size=33554432"
    "memorysetup-profiler-bucket-allocator-block-count=8"
    "memorysetup-profiler-allocator-block-size=16777216"
    "memorysetup-profiler-editor-allocator-block-size=1048576"
    "memorysetup-temp-allocator-size-main=16777216"
    "memorysetup-job-temp-allocator-block-size=2097152"
    "memorysetup-job-temp-allocator-block-size-background=1048576"
    "memorysetup-job-temp-allocator-reduction-small-platforms=262144"
Logging is directed to a specific file, skipping project log.
Player connection [42464]  Target information:

Player connection [42464]  * "[IP] 192.168.1.121 [Port] 55504 [Flags] 2 [Guid] 2957548507 [EditorId] 2957548507 [Version] 1048832 [Id] WindowsEditor(7,TAATI-PC) [Debug] 1 [PackageName] WindowsEditor [ProjectName] Editor" 

Player connection [42464]  * "[IP] 172.26.64.1 [Port] 55504 [Flags] 2 [Guid] 2957548507 [EditorId] 2957548507 [Version] 1048832 [Id] WindowsEditor(7,TAATI-PC) [Debug] 1 [PackageName] WindowsEditor [ProjectName] Editor" 

Player connection [42464]  * "[IP] 192.168.32.1 [Port] 55504 [Flags] 2 [Guid] 2957548507 [EditorId] 2957548507 [Version] 1048832 [Id] WindowsEditor(7,TAATI-PC) [Debug] 1 [PackageName] WindowsEditor [ProjectName] Editor" 

Player connection [42464] Host joined multi-casting on [225.0.0.222:54997]...
Player connection [42464] Host joined alternative multi-casting on [225.0.0.222:34997]...
Input System module state changed to: Initialized.
[Physics::Module] Initialized fallback backend.
[Physics::Module] Id: 0xdecafbad
[Package Manager] Connected to IPC stream "Upm-17296" after 0.2 seconds.
[Licensing::Client] Successfully resolved entitlement details
Library Redirect Path: Library/
Launching Unity Data Store - C:/Program Files/Unity/Hub/Editor/6000.6.0f1/Editor/Data/Tools/Unity.DataStore.exe 
Unity Data Store artifact dir = Library/DataStore, working dir = C:/Users/Admin/Documents/HelloNakornpathom/hnp-game[Physics::Module] Selected backend.
[Physics::Module] Name: PhysX
[Physics::Module] Id: 0xf2b8ea05
[Physics::Module] SDK Version: 4.1.2
[Physics::Module] Integration Version: 1.0.0
[Physics::Module] Threading Mode: Multi-Threaded
Unity Data Store running and initialised
Initialize engine version: 6000.6.0f1 (f7f8ed4d1e24)
[EntityIdStore] init: VM path (explicit commit), pageSize=4096, blockCount=1048576, entitiesPerBlock=256, slots reserved=4294967296 bytes
[Subsystems] Discovering subsystems at path C:/Program Files/Unity/Hub/Editor/6000.6.0f1/Editor/Data/Resources/UnitySubsystems
[Subsystems] Discovering subsystems at path C:/Users/Admin/Documents/HelloNakornpathom/hnp-game/Assets
GfxDevice: creating device client; kGfxThreadingModeThreaded
Direct3D:
    Version:  Direct3D 11.0 [level 11.1]
    Renderer: NVIDIA GeForce RTX 4070 SUPER (ID=0x2783)
    Vendor:   NVIDIA
    VRAM:     11997 MB
    Driver:   32.0.15.9186
Initialize mono
Mono path[0] = 'C:/Program Files/Unity/Hub/Editor/6000.6.0f1/Editor/Data/Managed'
Mono path[1] = 'C:/Program Files/Unity/Hub/Editor/6000.6.0f1/Editor/Data/BCLExtensions/runtime/netstandard2.1'
Mono path[2] = 'C:/Program Files/Unity/Hub/Editor/6000.6.0f1/Editor/Data/MonoBleedingEdge/lib/mono/unityjit-win32'
Mono config path = 'C:/Program Files/Unity/Hub/Editor/6000.6.0f1/Editor/Data/MonoBleedingEdge/etc'
Using monoOptions --debugger-agent=transport=dt_socket,embedding=1,server=y,suspend=n,address=127.0.0.1:56296
CodeReloadManager initialized
ImportWorker Server TCP listen port: 0
AcceleratorClientConnectionCallback - disconnected - :0
Begin MonoManager ReloadAssembly
Registering precompiled unity dll's ...
Register platform support module: C:/Program Files/Unity/Hub/Editor/6000.6.0f1/Editor/Data/PlaybackEngines/WebGLSupport/UnityEditor.WebGL.Extensions.dll
Register platform support module: C:/Program Files/Unity/Hub/Editor/6000.6.0f1/Editor/Data/PlaybackEngines/WindowsStandaloneSupport/UnityEditor.WindowsStandalone.Extensions.dll
[Licensing::Client] Successfully resolved entitlement details
Register platform support module: C:/Program Files/Unity/Hub/Editor/6000.6.0f1/Editor/Data/PlaybackEngines/MetroSupport/UnityEditor.UWP.Extensions.dll
Registered in 0.003160 seconds.
Native extension for UWP target not found
Native extension for WindowsStandalone target not found
Native extension for WebGL target not found
Package Manager log level set to [2]
ScheduleIndexationOnStartup MainProcess:False IndexOnStartup:True
Scripting: successfully reloaded assembly
- Finished resetting the current domain, in  0.581 seconds
Domain Reload Profiling: 1004ms
	BeginReloadAssembly (107ms)
		CreateAndSetChildDomain (11ms)
	RebuildCommonClasses (4ms)
	RebuildNativeTypeToScriptingClass (13ms)
	initialDomainReloadingComplete (52ms)
	LoadAllAssembliesAndSetupDomain (246ms)
		LoadAssemblies (94ms)
		TypeCache.Refresh (168ms)
			TypeCache.ScanAssembly (157ms)
		AnalyzeDomain (1ms)
	FinalizeReload (582ms)
		SetupLoadedEditorAssemblies (0ms)
			InitializePlatformSupportModulesInManaged (3ms)
			BeforeProcessingInitializeOnLoad (97ms)
			ProcessInitializeOnLoadAttributes (124ms)
			ProcessInitializeOnLoadMethodAttributes (162ms)
[Licensing::Client] Successfully resolved entitlement details
Application.AssetDatabase Initial Refresh Start
[Package Manager] Restoring resolved packages state from cache
[Licensing::Client] Successfully resolved entitlement details
[Package Manager] Registered 66 packages:
  Packages from [https://packages.unity.com]:
    com.unity.ai.assistant@2.19.0-pre.2 (location: C:\Users\Admin\Documents\HelloNakornpathom\hnp-game\Library\PackageCache\com.unity.ai.assistant@8d1e3e89e3a7)
    com.unity.ai.inference@2.6.1 (location: C:\Users\Admin\Documents\HelloNakornpathom\hnp-game\Library\PackageCache\com.unity.ai.inference@9a123aee5df7)
    com.unity.ai.navigation@2.0.14 (location: C:\Users\Admin\Documents\HelloNakornpathom\hnp-game\Library\PackageCache\com.unity.ai.navigation@134dd6a3b97b)
    com.unity.collab-proxy@2.13.6 (location: C:\Users\Admin\Documents\HelloNakornpathom\hnp-game\Library\PackageCache\com.unity.collab-proxy@4628d2ba6ea4)
    com.unity.ide.rider@3.0.38 (location: C:\Users\Admin\Documents\HelloNakornpathom\hnp-game\Library\PackageCache\com.unity.ide.rider@1f60b3138684)
    com.unity.ide.visualstudio@2.0.26 (location: C:\Users\Admin\Documents\HelloNakornpathom\hnp-game\Library\PackageCache\com.unity.ide.visualstudio@a99d56dec63f)
    com.unity.inputsystem@1.20.0 (location: C:\Users\Admin\Documents\HelloNakornpathom\hnp-game\Library\PackageCache\com.unity.inputsystem@7a4e1a2a8194)
    com.unity.pipeline@0.6.0-exp.1 (location: C:\Users\Admin\Documents\HelloNakornpathom\hnp-game\Library\PackageCache\com.unity.pipeline@9bb4172c603c)
    com.unity.visualscripting@1.9.12 (location: C:\Users\Admin\Documents\HelloNakornpathom\hnp-game\Library\PackageCache\com.unity.visualscripting@4edfcc09512f)
    com.unity.nuget.mono-cecil@1.11.6 (location: C:\Users\Admin\Documents\HelloNakornpathom\hnp-game\Library\PackageCache\com.unity.nuget.mono-cecil@ecb9724e46ff)
    com.unity.nuget.newtonsoft-json@3.2.2 (location: C:\Users\Admin\Documents\HelloNakornpathom\hnp-game\Library\PackageCache\com.unity.nuget.newtonsoft-json@4dfd81071c64)
    com.unity.dt.app-ui@2.1.11 (location: C:\Users\Admin\Documents\HelloNakornpathom\hnp-game\Library\PackageCache\com.unity.dt.app-ui@cd5609b130ce)
    com.unity.searcher@4.9.5 (location: C:\Users\Admin\Documents\HelloNakornpathom\hnp-game\Library\PackageCache\com.unity.searcher@a463122f2c00)
    com.unity.profiling.core@1.0.3 (location: C:\Users\Admin\Documents\HelloNakornpathom\hnp-game\Library\PackageCache\com.unity.profiling.core@8a49f7027d06)
  Built-in packages:
    com.unity.render-pipelines.universal@17.6.0 (location: C:\Users\Admin\Documents\HelloNakornpathom\hnp-game\Library\PackageCache\com.unity.render-pipelines.universal@8457e85b8184)
    com.unity.test-framework@1.8.0 (location: C:\Users\Admin\Documents\HelloNakornpathom\hnp-game\Library\PackageCache\com.unity.test-framework@7a3849e09bd0)
    com.unity.timeline@6.6.0 (location: C:\Users\Admin\Documents\HelloNakornpathom\hnp-game\Library\PackageCache\com.unity.timeline@281d5f7e7d7d)
    com.unity.ugui@2.6.0 (location: C:\Users\Admin\Documents\HelloNakornpathom\hnp-game\Library\PackageCache\com.unity.ugui@23caec89ae27)
    com.unity.modules.accessibility@1.0.0 (location: C:\Users\Admin\Documents\HelloNakornpathom\hnp-game\Library\PackageCache\com.unity.modules.accessibility)
    com.unity.modules.adaptiveperformance@1.0.0 (location: C:\Users\Admin\Documents\HelloNakornpathom\hnp-game\Library\PackageCache\com.unity.modules.adaptiveperformance)
    com.unity.modules.ai@1.0.0 (location: C:\Users\Admin\Documents\HelloNakornpathom\hnp-game\Library\PackageCache\com.unity.modules.ai)
    com.unity.modules.androidjni@1.0.0 (location: C:\Users\Admin\Documents\HelloNakornpathom\hnp-game\Library\PackageCache\com.unity.modules.androidjni)
    com.unity.modules.animation@1.0.0 (location: C:\Users\Admin\Documents\HelloNakornpathom\hnp-game\Library\PackageCache\com.unity.modules.animation)
    com.unity.modules.assetbundle@1.0.0 (location: C:\Users\Admin\Documents\HelloNakornpathom\hnp-game\Library\PackageCache\com.unity.modules.assetbundle)
    com.unity.modules.audio@1.0.0 (location: C:\Users\Admin\Documents\HelloNakornpathom\hnp-game\Library\PackageCache\com.unity.modules.audio)
    com.unity.modules.cloth@1.0.0 (location: C:\Users\Admin\Documents\HelloNakornpathom\hnp-game\Library\PackageCache\com.unity.modules.cloth)
    com.unity.modules.director@1.0.0 (location: C:\Users\Admin\Documents\HelloNakornpathom\hnp-game\Library\PackageCache\com.unity.modules.director)
    com.unity.modules.imageconversion@1.0.0 (location: C:\Users\Admin\Documents\HelloNakornpathom\hnp-game\Library\PackageCache\com.unity.modules.imageconversion)
    com.unity.modules.imgui@1.0.0 (location: C:\Users\Admin\Documents\HelloNakornpathom\hnp-game\Library\PackageCache\com.unity.modules.imgui)
    com.unity.modules.jsonserialize@1.0.0 (location: C:\Users\Admin\Documents\HelloNakornpathom\hnp-game\Library\PackageCache\com.unity.modules.jsonserialize)
    com.unity.modules.particlesystem@1.0.0 (location: C:\Users\Admin\Documents\HelloNakornpathom\hnp-game\Library\PackageCache\com.unity.modules.particlesystem)
    com.unity.modules.physics@1.0.0 (location: C:\Users\Admin\Documents\HelloNakornpathom\hnp-game\Library\PackageCache\com.unity.modules.physics)
    com.unity.modules.physics2d@1.0.0 (location: C:\Users\Admin\Documents\HelloNakornpathom\hnp-game\Library\PackageCache\com.unity.modules.physics2d)
    com.unity.modules.physicscore2d@1.0.0 (location: C:\Users\Admin\Documents\HelloNakornpathom\hnp-game\Library\PackageCache\com.unity.modules.physicscore2d)
    com.unity.modules.screencapture@1.0.0 (location: C:\Users\Admin\Documents\HelloNakornpathom\hnp-game\Library\PackageCache\com.unity.modules.screencapture)
    com.unity.modules.terrain@1.0.0 (location: C:\Users\Admin\Documents\HelloNakornpathom\hnp-game\Library\PackageCache\com.unity.modules.terrain)
    com.unity.modules.terrainphysics@1.0.0 (location: C:\Users\Admin\Documents\HelloNakornpathom\hnp-game\Library\PackageCache\com.unity.modules.terrainphysics)
    com.unity.modules.tetgen@1.0.0 (location: C:\Users\Admin\Documents\HelloNakornpathom\hnp-game\Library\PackageCache\com.unity.modules.tetgen)
    com.unity.modules.tilemap@1.0.0 (location: C:\Users\Admin\Documents\HelloNakornpathom\hnp-game\Library\PackageCache\com.unity.modules.tilemap)
    com.unity.modules.timelinefoundation@1.0.0 (location: C:\Users\Admin\Documents\HelloNakornpathom\hnp-game\Library\PackageCache\com.unity.modules.timelinefoundation)
    com.unity.modules.ui@1.0.0 (location: C:\Users\Admin\Documents\HelloNakornpathom\hnp-game\Library\PackageCache\com.unity.modules.ui)
    com.unity.modules.uielements@1.0.0 (location: C:\Users\Admin\Documents\HelloNakornpathom\hnp-game\Library\PackageCache\com.unity.modules.uielements)
    com.unity.modules.umbra@1.0.0 (location: C:\Users\Admin\Documents\HelloNakornpathom\hnp-game\Library\PackageCache\com.unity.modules.umbra)
    com.unity.modules.unityanalytics@1.0.0 (location: C:\Users\Admin\Documents\HelloNakornpathom\hnp-game\Library\PackageCache\com.unity.modules.unityanalytics)
    com.unity.modules.unitywebrequest@1.0.0 (location: C:\Users\Admin\Documents\HelloNakornpathom\hnp-game\Library\PackageCache\com.unity.modules.unitywebrequest)
    com.unity.modules.unitywebrequestassetbundle@1.0.0 (location: C:\Users\Admin\Documents\HelloNakornpathom\hnp-game\Library\PackageCache\com.unity.modules.unitywebrequestassetbundle)
    com.unity.modules.unitywebrequestaudio@1.0.0 (location: C:\Users\Admin\Documents\HelloNakornpathom\hnp-game\Library\PackageCache\com.unity.modules.unitywebrequestaudio)
    com.unity.modules.unitywebrequesttexture@1.0.0 (location: C:\Users\Admin\Documents\HelloNakornpathom\hnp-game\Library\PackageCache\com.unity.modules.unitywebrequesttexture)
    com.unity.modules.unitywebrequestwww@1.0.0 (location: C:\Users\Admin\Documents\HelloNakornpathom\hnp-game\Library\PackageCache\com.unity.modules.unitywebrequestwww)
    com.unity.modules.vectorgraphics@1.0.0 (location: C:\Users\Admin\Documents\HelloNakornpathom\hnp-game\Library\PackageCache\com.unity.modules.vectorgraphics)
    com.unity.modules.vehicles@1.0.0 (location: C:\Users\Admin\Documents\HelloNakornpathom\hnp-game\Library\PackageCache\com.unity.modules.vehicles)
    com.unity.modules.video@1.0.0 (location: C:\Users\Admin\Documents\HelloNakornpathom\hnp-game\Library\PackageCache\com.unity.modules.video)
    com.unity.modules.wind@1.0.0 (location: C:\Users\Admin\Documents\HelloNakornpathom\hnp-game\Library\PackageCache\com.unity.modules.wind)
    com.unity.modules.xr@1.0.0 (location: C:\Users\Admin\Documents\HelloNakornpathom\hnp-game\Library\PackageCache\com.unity.modules.xr)
    com.unity.modules.subsystems@1.0.0 (location: C:\Users\Admin\Documents\HelloNakornpathom\hnp-game\Library\PackageCache\com.unity.modules.subsystems)
    com.unity.modules.hierarchycore@1.0.0 (location: C:\Users\Admin\Documents\HelloNakornpathom\hnp-game\Library\PackageCache\com.unity.modules.hierarchycore)
    com.unity.ext.nunit@2.1.0 (location: C:\Users\Admin\Documents\HelloNakornpathom\hnp-game\Library\PackageCache\com.unity.ext.nunit@0198eae3b53e)
    com.unity.render-pipelines.core@17.6.0 (location: C:\Users\Admin\Documents\HelloNakornpathom\hnp-game\Library\PackageCache\com.unity.render-pipelines.core@2d66c71e606e)
    com.unity.shadergraph@17.6.0 (location: C:\Users\Admin\Documents\HelloNakornpathom\hnp-game\Library\PackageCache\com.unity.shadergraph@ef6135652377)
    com.unity.render-pipelines.universal-config@17.6.0 (location: C:\Users\Admin\Documents\HelloNakornpathom\hnp-game\Library\PackageCache\com.unity.render-pipelines.universal-config@561422b74439)
    com.unity.burst@2.0.0 (location: C:\Users\Admin\Documents\HelloNakornpathom\hnp-game\Library\PackageCache\com.unity.burst@626e66ab421b)
    com.unity.collections@6.6.0 (location: C:\Users\Admin\Documents\HelloNakornpathom\hnp-game\Library\PackageCache\com.unity.collections@10fff0607388)
    com.unity.2d.sprite@1.0.0 (location: C:\Users\Admin\Documents\HelloNakornpathom\hnp-game\Library\PackageCache\com.unity.2d.sprite@947350d67f82)
    com.unity.mathematics@1.4.0 (location: C:\Users\Admin\Documents\HelloNakornpathom\hnp-game\Library\PackageCache\com.unity.mathematics@8306a64d0cd6)
    com.unity.graph-authoring@1.0.0 (location: C:\Users\Admin\Documents\HelloNakornpathom\hnp-game\Library\PackageCache\com.unity.graph-authoring@cfd2588851ee)
    com.unity.test-framework.performance@6.6.0 (location: C:\Users\Admin\Documents\HelloNakornpathom\hnp-game\Library\PackageCache\com.unity.test-framework.performance@0a60b857a52e)
[Subsystems] No new subsystems found in resolved package list.
[Package Manager] Done registering packages in 0.02 seconds
Refreshing native plugins compatible for Editor in 2.33 ms, found 5 plugins.
Starting: C:\Program Files\Unity\Hub\Editor\6000.6.0f1\Editor\Data\Tools\BuildPipeline\bee_backend.exe --ipc --defer-dag-verification --dagfile="Library/Bee/2000b0aE.dag" --continue-on-failure --profile="Library/Bee/backend1.traceevents" ScriptAssemblies
WorkingDir: C:/Users/Admin/Documents/HelloNakornpathom/hnp-game
ExitCode: 4 Duration: 0s807ms
Rebuilding DAG because FileSignature timestamp changed: Library/Bee/2000b0aE-inputdata.json
[1252/1650  0s] ILPP-Configuration Library/ilpp-configuration.nevergeneratedoutput
*** Tundra requires additional run (0.78 seconds), 2 items updated, 1251 evaluated
Starting: C:\Program Files\Unity\Hub\Editor\6000.6.0f1\Editor\Data\DotNetSdk\dotnet.exe "C:\Program Files\Unity\Hub\Editor\6000.6.0f1\Editor\Data\Tools\BuildPipeline\ScriptCompilationBuildProgram.exe" "Library/Bee/2000b0aE.dag.json" "Library/Bee/2000b0aE-inputdata.json" "Library\Bee\buildprogram0.traceevents"
WorkingDir: C:/Users/Admin/Documents/HelloNakornpathom/hnp-game
ExitCode: 0 Duration: 1s380ms
Starting: C:\Program Files\Unity\Hub\Editor\6000.6.0f1\Editor\Data\Tools\BuildPipeline\bee_backend.exe --ipc --defer-dag-verification --dagfile="Library/Bee/2000b0aE.dag" --continue-on-failure --dagfilejson="Library\Bee\2000b0aE.dag.json" --profile="Library/Bee/backend2.traceevents" ScriptAssemblies
WorkingDir: C:/Users/Admin/Documents/HelloNakornpathom/hnp-game
ExitCode: 0 Duration: 1s223ms
Finished compiling graph: 1654 nodes, 36361 flattened edges (29839 ToBuild, 272 ToUse), maximum node priority 1847
[ 845/1650  0s] WriteText Library/Bee/artifacts/2000b0aE.dag/Assembly-CSharp-Editor.rsp
[1154/1650  0s] ILPP-Configuration Library/ilpp-configuration.nevergeneratedoutput
[1646/1650  0s] Csc Library/Bee/artifacts/2000b0aE.dag/Assembly-CSharp-Editor.dll (+2 others)
Assets\_HNP\Editor\HnpTravellerV002Integrator.cs(35,13): warning CS0618: 'Object.FindFirstObjectByType<T>()' is obsolete: 'FindFirstObjectByType has been deprecated because it relies on instance ID ordering. Use FindAnyObjectByType instead, which does not depend on ordering.'

Assets\_HNP\Editor\HnpWorld003Integrator.cs(103,72): warning CS0618: 'FindObjectsSortMode' is obsolete: 'FindObjectsSortMode has been deprecated. Use the FindObjectsByType overloads that do not take a FindObjectsSortMode parameter.'

Assets\_HNP\Editor\HnpWorld003Integrator.cs(103,25): warning CS0618: 'Object.FindObjectsByType<T>(FindObjectsSortMode)' is obsolete: 'FindObjectsByType with FindObjectsSortMode parameter has been deprecated. Use FindObjectsByType<T>() or FindObjectsByType<T>(FindObjectsInactive) instead. InstanceID will be replaced in the future with EntityId and previous sort order cannot be maintained.'

Assets\_HNP\Editor\HnpWorld003Integrator.cs(111,65): warning CS0618: 'FindObjectsSortMode' is obsolete: 'FindObjectsSortMode has been deprecated. Use the FindObjectsByType overloads that do not take a FindObjectsSortMode parameter.'

Assets\_HNP\Editor\HnpWorld003Integrator.cs(111,16): warning CS0618: 'Object.FindObjectsByType<T>(FindObjectsSortMode)' is obsolete: 'FindObjectsByType with FindObjectsSortMode parameter has been deprecated. Use FindObjectsByType<T>() or FindObjectsByType<T>(FindObjectsInactive) instead. InstanceID will be replaced in the future with EntityId and previous sort order cannot be maintained.'
[1647/1650  0s] ILPostProcess Library/Bee/artifacts/2000b0aE.dag/post-processed/Assembly-CSharp-Editor.dll (+pdb)
Processing assembly Library/Bee/artifacts/2000b0aE.dag/Assembly-CSharp-Editor.dll, with 125 defines and 410 references

processors: Unity.Jobs.CodeGen.JobsILPostProcessor, Unity.Pipeline.CodeGen.HotReloadInPlaceILPostProcessor, zzzUnity.Burst.CodeGen.BurstILPostProcessor

1 processor(s) skipped this assembly

running Unity.Jobs.CodeGen.JobsILPostProcessor

running Unity.Pipeline.CodeGen.HotReloadInPlaceILPostProcessor
[1648/1650  0s] CopyFiles Library/ScriptAssemblies/Assembly-CSharp-Editor.pdb
[1649/1650  0s] CopyFiles Library/ScriptAssemblies/Assembly-CSharp-Editor.dll
*** Tundra build success (1.21 seconds), 6 items updated, 1650 evaluated
Assets\_HNP\Editor\HnpTravellerV002Integrator.cs(35,13): warning CS0618: 'Object.FindFirstObjectByType<T>()' is obsolete: 'FindFirstObjectByType has been deprecated because it relies on instance ID ordering. Use FindAnyObjectByType instead, which does not depend on ordering.'
Assets\_HNP\Editor\HnpWorld003Integrator.cs(103,72): warning CS0618: 'FindObjectsSortMode' is obsolete: 'FindObjectsSortMode has been deprecated. Use the FindObjectsByType overloads that do not take a FindObjectsSortMode parameter.'
Assets\_HNP\Editor\HnpWorld003Integrator.cs(103,25): warning CS0618: 'Object.FindObjectsByType<T>(FindObjectsSortMode)' is obsolete: 'FindObjectsByType with FindObjectsSortMode parameter has been deprecated. Use FindObjectsByType<T>() or FindObjectsByType<T>(FindObjectsInactive) instead. InstanceID will be replaced in the future with EntityId and previous sort order cannot be maintained.'
Assets\_HNP\Editor\HnpWorld003Integrator.cs(111,65): warning CS0618: 'FindObjectsSortMode' is obsolete: 'FindObjectsSortMode has been deprecated. Use the FindObjectsByType overloads that do not take a FindObjectsSortMode parameter.'
Assets\_HNP\Editor\HnpWorld003Integrator.cs(111,16): warning CS0618: 'Object.FindObjectsByType<T>(FindObjectsSortMode)' is obsolete: 'FindObjectsByType with FindObjectsSortMode parameter has been deprecated. Use FindObjectsByType<T>() or FindObjectsByType<T>(FindObjectsInactive) instead. InstanceID will be replaced in the future with EntityId and previous sort order cannot be maintained.'
AssetDatabase: script compilation time: 3.937611s
Begin MonoManager ReloadAssembly
Total cache size 265580411
Total cache size after purge 265580411, took 00:00:00.2338281
'Packages/com.unity.render-pipelines.core/Editor/Deprecated.cs' contains partial class of Unity.Object, exactly 1 of the partial classes needs to be in a file with the same filename. This is to know the one that can be referenced from ie. GameObjects
'Packages/com.unity.render-pipelines.core/Editor/Deprecated.cs' contains partial class of Unity.Object, exactly 1 of the partial classes needs to be in a file with the same filename. This is to know the one that can be referenced from ie. GameObjects
Refreshing native plugins compatible for Editor in 2.24 ms, found 5 plugins.
Shader 'Universal Render Pipeline/Terrain/Lit': fallback shader 'Hidden/Universal Render Pipeline/FallbackError' not found
Shader 'Universal Render Pipeline/Terrain/Lit': dependency 'AddPassShader' shader 'Hidden/Universal Render Pipeline/Terrain/Lit (Add Pass)' not found
Shader 'Hidden/Universal Render Pipeline/Terrain/Lit (Base Pass)': fallback shader 'Hidden/Universal Render Pipeline/FallbackError' not found
Native extension for UWP target not found
Native extension for WindowsStandalone target not found
Native extension for WebGL target not found
Refreshing native plugins compatible for Editor in 2.73 ms, found 5 plugins.
Start HTTP server: port:7800
[Licensing::Client] Error: Code 404 while processing request (status: Found 0 entitlement groups and 0 free entitlements matching requested entitlement ids)
ScheduleIndexationOnStartup MainProcess:True IndexOnStartup:True
Scripting: successfully reloaded assembly
- Finished resetting the current domain, in  1.628 seconds
Domain Reload Profiling: 2726ms
	BeginReloadAssembly (180ms)
		DisableScriptedObjects (25ms)
		CreateAndSetChildDomain (31ms)
	RebuildCommonClasses (8ms)
	RebuildNativeTypeToScriptingClass (12ms)
	initialDomainReloadingComplete (73ms)
	LoadAllAssembliesAndSetupDomain (825ms)
		LoadAssemblies (350ms)
		TypeCache.Refresh (336ms)
			TypeCache.ScanAssembly (316ms)
		AnalyzeDomain (83ms)
			BuildScriptInfoCaches (75ms)
			ResolveRequiredComponents (6ms)
	FinalizeReload (1628ms)
		SetupLoadedEditorAssemblies (0ms)
			BeforeProcessingInitializeOnLoad (120ms)
			ProcessInitializeOnLoadAttributes (1021ms)
			ProcessInitializeOnLoadMethodAttributes (179ms)
			AfterProcessingInitializeOnLoad (4ms)
		AwakeInstancesAfterBackupRestoration (24ms)
Starting new worker id: 0 with log in C:/Users/Admin/Documents/HelloNakornpathom/hnp-game/Logs/AssetImportWorkerHW0.log
Can't calculate tangents, because mesh 'Town_HNPW_Glass' doesn't contain normals.
Importing 'GUID: 4b3814d17e106d04eb22888bb8973818 - Path: Assets/_HNP/Art/Shaders/HnpNightGlow.shader' with importer (ShaderImporter)
Launched and connected shader compiler UnityShaderCompiler.exe after 0.01 seconds
Imported 'GUID: 4b3814d17e106d04eb22888bb8973818' -> (Import Result ID: '4b8c726b67961914828588dc1fa860f0') in 0.043 seconds [static and dynamic dependencies]. Details - ImportResultOutputID=411b1d20a0a09504836e459e3f40a31a DependenciesID=92246e9f1e96cab9c1346b883a3bb3ad StaticDependenciesID=75ce9369d346c70d11692f9263863685 
Importing 'GUID: b28fa67a0ff82c5478f27368dc627683 - Path: Packages/com.unity.render-pipelines.core/Runtime/RenderPipelineResources/Mesh/SamplesFixture.fbx' with importer (FBXImporter)
Imported 'GUID: b28fa67a0ff82c5478f27368dc627683' -> (Import Result ID: '60f03abf55d381bb6c764f3283d3adbb') in 0.052 seconds [static and dynamic dependencies]. Details - ImportResultOutputID=35045d50a88bec301b8f5cbe27ef03f7 DependenciesID=18e8f1cf5a6189e9432445e05c127dc0 StaticDependenciesID=b981368b28ef3bf58091dc546987a2cb 
Importing 'GUID: b3580a1917374b3da576c45252319e0c - Path: Packages/com.unity.ai.assistant/Modules/Unity.AI.Animate/Motion/Runtime/Prefabs/Actors/biped_v1/Biped_Humanoid.fbx' with importer (FBXImporter)
Imported 'GUID: b3580a1917374b3da576c45252319e0c' -> (Import Result ID: '9462775f2a398886a79fcb6f0cba9eb5') in 0.132 seconds [static and dynamic dependencies]. Details - ImportResultOutputID=3b059a15d8c098a4c31035f3ba79ed64 DependenciesID=b22922be35be7c630c9bb30b7c5a3949 StaticDependenciesID=9a56594eaa7328b8c5bbc51c869169de 
Importing 'GUID: 7933a3b33aab61d4bb25c5820c120282 - Path: Assets/_HNP/Art/World003/HNP_Town_v003.fbx' with importer (FBXImporter)
Can't calculate tangents, because mesh 'Town_HNPW_Glass' doesn't contain normals.
Imported 'GUID: 7933a3b33aab61d4bb25c5820c120282' -> (Import Result ID: 'f113c3450388632d4154bb3368c6551f') in 0.061 seconds [static and dynamic dependencies]. Details - ImportResultOutputID=d5197e9748efb56ad79832b9d5b46051 DependenciesID=17ff1470f744bfeda659ba98f119d628 StaticDependenciesID=9e32fc611cbae6a1b92314866fbeff49 
Importing 'GUID: 5bff754cb7d1a9948b1c51f2e9f78d6d - Path: Assets/_HNP/Art/World/HNP_Traveller_Child_Rigged_v002.fbx' with importer (FBXImporter)
Keyframe reduction: Ratio: 5.583273%;
Keyframe reduction: Ratio: 13.217391%;
Imported 'GUID: 5bff754cb7d1a9948b1c51f2e9f78d6d' -> (Import Result ID: 'dadfffec7c4ea9c7c514b0cc2dbddf84') in 0.047 seconds [static and dynamic dependencies]. Details - ImportResultOutputID=a8162ea673ac55db0fd469ec2541b009 DependenciesID=99679084584c6240bc34617a807ae22a StaticDependenciesID=d3e104465adcbc830910a81d43f203d4 
Importing 'GUID: 1dbf28c1bb322474d981b2dc555e28b0 - Path: Packages/com.unity.render-pipelines.core/Runtime/RenderPipelineResources/Mesh/SamplesFloorSpotlight.fbx' with importer (FBXImporter)
Imported 'GUID: 1dbf28c1bb322474d981b2dc555e28b0' -> (Import Result ID: 'a7fd44effb14a8aaf7713e09d76e158e') in 0.025 seconds [static and dynamic dependencies]. Details - ImportResultOutputID=0ca0e8d146dbf7dabd1d756cf8af531e DependenciesID=236f1b4c7305ba6e91dc8cb2bbb7d137 StaticDependenciesID=86289bc53f109e42814cfa71dde1bc96 
Importing 'GUID: 4f53dfcf20632794fbd1451aca666aea - Path: Packages/com.unity.ai.assistant/Modules/Unity.AI.Mesh/Meshes/cube.fbx' with importer (FBXImporter)
Imported 'GUID: 4f53dfcf20632794fbd1451aca666aea' -> (Import Result ID: '028bc38fd0d7950d8f71758b4b9526c6') in 0.023 seconds [static and dynamic dependencies]. Details - ImportResultOutputID=13dd476f2e1a336e4f65693260e5964a DependenciesID=536fa7291f2acc37600490b211c0141f StaticDependenciesID=c3409990a50a6071a83f85352826d704 
Launched and connected shader compiler UnityShaderCompiler.exe after 0.01 seconds
Launched and connected shader compiler UnityShaderCompiler.exe after 0.01 seconds
Refreshing native plugins compatible for Editor in 2.67 ms, found 5 plugins.

Asset Pipeline Refresh (id=01e4d883b44df1641a7f0b514e7a5174): Total: 8.183 seconds - Initiated by InitialRefreshV2(ForceSynchronousImport)
	(Values over 0.05ms)
	Summary:
		Imports: total=4679 (actual=7, local cache=4672, cache server=0)
		Asset DB Process Time: managed=38 ms, native=2540 ms
		Asset DB Callback time: managed=325 ms, native=120 ms
		Scripting: domain reloads=1, domain reload time=1155 ms, compile time=3939 ms, other=63 ms
		Project Asset Count: scripts=2239, non-scripts=5432
		Asset File Changes: new=0, changed=0, moved=0, deleted=0
		Scan Filter Count: 0
	InvokePackagesCallback: 21.391ms
	ApplyChangesToAssetFolders: 0.557ms
	Scan: 156.659ms
	Collect global state as custom dependencies: 14.619ms
	CategorizeScriptCompilationAssets: 50.873ms
	ProcessAssetsWithTransientArtifactChanges: 82.405ms
	CategorizeAssets: 80.813ms
	CompileScripts: 3939.288ms
	ImportOutOfDateAssets: 2048.352ms (1645.244ms without children)
		ImportManagerImport: 391.978ms (7.661ms without children)
			UpdateCategorizedAssets: 0.054ms
		UnloadImportedAssets: 0.476ms
		ReloadImportedAssets: 0.197ms
		EnsureUptoDateAssetsAreRegisteredWithGuidPM: 1.305ms
		ImportSchedulerStart: 9.073ms
	PostProcessAllAssets: 420.279ms
		ShaderAssetModifiedCallback 89.564ms
		XRBuildSystem.XRAssetImported 0.744ms
		PostProcessCallbackCreateDeferredMaterials 0.062ms
		MonoPostProcessAllAssets: 325.571ms
			AssetPostprocessor.OnPostprocessAllAssets 76.971ms
			AssetReferenceReimportMonitor.OnPostprocessAllAssets 31.639ms
			StyleCatalogPostProcessor.OnPostprocessAllAssets 15.962ms
			UniversalRenderPipelineGlobalSettingsPostprocessor.OnPostprocessAllAssets 13.640ms
			BuilderAssetPostprocessor.OnPostprocessAllAssets 4.294ms
			AssetChangedListener.OnPostprocessAllAssets 4.173ms
			SyncVS.PostprocessSyncProject 2.168ms
			SpriteSlicePostprocessor.OnPostprocessAllAssets 1.828ms
			GraphRefreshPostprocessor.OnPostprocessAllAssets 1.614ms
			ProjectSettingsPostprocessor.OnPostprocessAllAssets 1.509ms
			WindowAssetPostprocessingWatcher.OnPostprocessAllAssets 1.412ms
			SpeedTree9Postprocessor.OnPostprocessAllAssets 1.232ms
			ShaderGraphAssetPostProcessor.OnPostprocessAllAssets 1.204ms
			RetainedModeAssetPostprocessor.OnPostprocessAllAssets 0.958ms
			EditModeScopePostprocessor.OnPostprocessAllAssets 0.902ms
			AssetChangeDetector.OnPostprocessAllAssets 0.813ms
			RenderPipelineGlobalSettingsPostprocessor.OnPostprocessAllAssets 0.606ms
			MaterialPostprocessor.OnPostprocessAllAssets 0.587ms
			ShaderReflectionAssetPostProcessor.OnPostprocessAllAssets 0.507ms
			SkillsProjectAssetPostprocessor.OnPostprocessAllAssets 0.473ms
			ArtifactBrowserPostProcessor.OnPostprocessAllAssets 0.399ms
			SpriteEditorTexturePostprocessor.OnPostprocessAllAssets 0.373ms
			UVCSAssetPostprocessor.OnPostprocessAllAssets 0.345ms
			InputActionAssetPostprocessor.OnPostprocessAllAssets 0.330ms
			TextAssetPostProcessor.OnPostprocessAllAssets 0.314ms
			TMPro_TexturePostProcessor.OnPostprocessAllAssets 0.309ms
			PostProcessor.OnPostprocessAllAssets 0.287ms
			ModelAssetProcessor.OnPostprocessAllAssets 0.282ms
			ReferencedClipsPostProcessor.OnPostprocessAllAssets 0.247ms
			InputActionJsonNameModifierAssetProcessor.OnPostprocessAllAssets 0.246ms
			AudioMixerPostprocessor.OnPostprocessAllAssets 0.215ms
			AssetEvents.OnPostprocessAllAssets 0.190ms
			TrackSelectedAssetsProcessor.OnPostprocessAllAssets 0.165ms
			TerrainToolbarOverlayPostProcessor.OnPostprocessAllAssets 0.135ms
			ConfigAssetsTracker.OnPostprocessAllAssets 0.124ms
			ThemePostprocessor.OnPostprocessAllAssets 0.121ms
			AssetDatabaseCallbacks.OnPostprocessAllAssets 0.114ms
			SpeedTreePostProcessor.OnPostprocessAllAssets 0.108ms
			SamplePostprocessor.OnPostprocessAllAssets 0.098ms
			ScenarioDriftAssetsTracker.OnPostprocessAllAssets 0.087ms
			AssetReloadNotifier.OnPostprocessAllAssets 0.084ms
			AudioContainerPostProcessor.OnPostprocessAllAssets 0.051ms
	PostAssetChangesProfiler: 5.533ms
	UnloadStreamsBegin: 1.871ms
	PersistCurrentRevisions: 3.577ms
	GenerateScriptTypeHashes: 1.707ms
	GenerateScriptTypeSerializationHashes: 2.897ms
	Untracked: 1334.556ms

Application.AssetDatabase Initial Refresh End
Scanning for USB devices : 2.318ms
Initializing Unity extensions:
[MODES] ModeService[none].Initialize
[MODES] ModeService[none].LoadModes
[MODES] Loading mode Default (0) for mode-current-id-hnp-game
Unloading 162 Unused Serialized files (Serialized files now loaded: 0)
Loaded scene 'Assets/_HNP/Scenes/NakornpathomWorld.unity'
	Deserialize:            5.547 ms
	Integration:            20.345 ms
	Integration of assets:  3.511 ms
	Thread Wait Time:       0.080 ms
	Total Operation Time:   29.482 ms
Unloading 10603 unused Assets / (25.3 MB). Loaded Objects now: 12315.
Memory consumption went from 0.64 GB to 0.61 GB.
Total: 18.618300 ms (FindLiveObjects: 0.641600 ms CreateObjectMapping: 0.439200 ms MarkObjects: 11.850100 ms  DeleteObjects: 5.394100 ms)

[LAYOUT] About to load UserSettings\Layouts\default-6000.dwlt, keepMainWindow=False
Worker ready: AssetImportWorkerHW0 0
[LAYOUT] About to save layout C:\Users\Admin\Documents\HelloNakornpathom\hnp-game\UserSettings\Layouts\default-6000.dwlt
[LAYOUT] About to save layout C:/Users/Admin/AppData/Roaming/Unity/Editor-5.x/Preferences\Layouts\current\default-6000.dwlt
[MODES] ModeService[default].InitializeCurrentMode
[MODES] ModeService[default].RaiseModeChanged(default, default)
Opening scene 'Assets/_HNP/Scenes/NakornpathomWorld.unity'
Unloading 23 Unused Serialized files (Serialized files now loaded: 0)
Loaded scene 'Assets/_HNP/Scenes/NakornpathomWorld.unity'
	Deserialize:            0.750 ms
	Integration:            14.188 ms
	Integration of assets:  0.003 ms
	Thread Wait Time:       0.024 ms
	Total Operation Time:   14.964 ms
Unloading 12 unused Assets / (255.0 KB). Loaded Objects now: 12494.
Memory consumption went from 0.70 GB to 0.69 GB.
Total: 17.959000 ms (FindLiveObjects: 0.490000 ms CreateObjectMapping: 0.212200 ms MarkObjects: 16.905700 ms  DeleteObjects: 0.045700 ms)

Can't calculate tangents, because mesh 'Town_HNPW_Glass' doesn't contain normals.
UnityEngine.Debug:ExtractStackTraceNoAlloc (byte*,int,string)
UnityEngine.StackTraceUtility:ExtractStackTrace ()
UnityEditor.AssetDatabase:ImportAsset (string,UnityEditor.ImportAssetOptions)
UnityEditor.AssetDatabase:ImportAsset (string)
HNP.Editor.HnpWorld003Integrator:BuildNight008 () (at Assets/_HNP/Editor/HnpWorld003Integrator.cs:30)

[Assets/_HNP/Editor/HnpWorld003Integrator.cs line 30]

Importing 'GUID: 9ab76df2e774cb944820febce0787cd3 - Path: Assets/_HNP/Art/World003/VehicleNightEmission.png' with importer (TextureImporter)
Imported 'GUID: 9ab76df2e774cb944820febce0787cd3' -> (Import Result ID: '13eb3b0908bf9f4ac80f6d5300685dd6') in 0.010 seconds [static and dynamic dependencies]. Details - ImportResultOutputID=bcd323f8c950a9963838fb638a90f15b DependenciesID=178752477d389816ce545302f2c860f7 StaticDependenciesID=ea8da82d7b0c754bec2b0aa0472741c4 
Refreshing native plugins compatible for Editor in 2.40 ms, found 5 plugins.
Asset Pipeline Refresh (id=d6303caaf92a68c49a8a4c10f33527d7): Total: 0.129 seconds - Initiated by StopAssetImportingV2(NoUpdateAssetOptions)
Importing 'GUID: 9ab76df2e774cb944820febce0787cd3 - Path: Assets/_HNP/Art/World003/VehicleNightEmission.png' with importer (TextureImporter)
Imported 'GUID: 9ab76df2e774cb944820febce0787cd3' -> (Import Result ID: '8c7f410e4024935a8fd2eee0f794031c') in 0.001 seconds [static and dynamic dependencies]. Details - ImportResultOutputID=85e7d349fb0cf0eed361aa76438c7ff2 DependenciesID=530f209219fed4a2d5cae1661037cf39 StaticDependenciesID=ab9952b2c80c5065baeccc986b069690 
Refreshing native plugins compatible for Editor in 2.18 ms, found 5 plugins.
Asset Pipeline Refresh (id=b932d40601e66ac42bedcaa9bc8dff99): Total: 0.049 seconds - Initiated by StopAssetImportingV2(NoUpdateAssetOptions)
InvalidOperationException: This can only be used during play mode, please use EditorSceneManager.NewScene() instead.
  at (wrapper managed-to-native) UnityEngine.SceneManagement.SceneManager.CreateScene_Injected(UnityEngine.Bindings.ManagedSpanWrapper&,UnityEngine.SceneManagement.CreateSceneParameters&,UnityEngine.SceneManagement.Scene&)
  at UnityEngine.SceneManagement.SceneManager.CreateScene (System.String sceneName, UnityEngine.SceneManagement.CreateSceneParameters parameters) [0x00039] in <d5ea965f39d74501b56f4006ef80da34>:0 
  at HNP.Editor.HnpCollision008Tests.Run (UnityEngine.MeshCollider source, System.String reportPath) [0x00000] in C:\Users\Admin\Documents\HelloNakornpathom\hnp-game\Assets\_HNP\Editor\HnpCollision008Tests.cs:11 
  at HNP.Editor.HnpWorld003Integrator.BuildNight008 () [0x0041b] in C:\Users\Admin\Documents\HelloNakornpathom\hnp-game\Assets\_HNP\Editor\HnpWorld003Integrator.cs:37 
UnityEngine.StackTraceUtility:ExtractStringFromExceptionInternal(Object, String&, String&)

(Filename: Assets/_HNP/Editor/HnpCollision008Tests.cs Line: 11)

executeMethod method HNP.Editor.HnpWorld003Integrator.BuildNight008 threw exception.
Batchmode quit successfully invoked - shutting down!
Pipeline Server stopped
Importing 'GUID: 0000000000000000b000000000000000 - Path: ProjectSettings/EditorBuildSettings.asset' with importer (LibraryAssetImporter)
Imported 'GUID: 0000000000000000b000000000000000' -> (Import Result ID: 'd4b59cb060f81ea6461d9015f1520027') in 0.001 seconds [static dependencies only]. Details - ImportResultOutputID=0a89a5c5f492143e0fa186859e17ba6f DependenciesID=c4e1b377361211f441812e41ca991afd StaticDependenciesID=88d454026c6611450154ab0790329a42 
Importing 'GUID: 8d72f53cd2b465146a3ee68ed39a9c62 - Path: Assets/_HNP/Art/World003/Materials/HNP3_Atlas.mat' with importer (NativeFormatImporter)
Imported 'GUID: 8d72f53cd2b465146a3ee68ed39a9c62' -> (Import Result ID: '2af45b2f7de6ee21af28961e81a74718') in 0.001 seconds [static dependencies only]. Details - ImportResultOutputID=9f9b204cc4b9282498d749d26d77c96a DependenciesID=36d0b4ac660e4e31c37cf408721af5e6 StaticDependenciesID=806872f1635a325124f06f32779a4c4d 
Importing 'GUID: 5e6cbd92db86f4b18aec3ed561671858 - Path: Assets/Settings/Mobile_RPAsset.asset' with importer (NativeFormatImporter)
Imported 'GUID: 5e6cbd92db86f4b18aec3ed561671858' -> (Import Result ID: '692edcd020a4452101dbe9ee6f076aa2') in 0.001 seconds [static dependencies only]. Details - ImportResultOutputID=87c79727be4dab5ed51d3da607f590f1 DependenciesID=73708f2fd503c50abccbe1a1f46dd803 StaticDependenciesID=38aa5e449856b7006d69aa60544c2e88 
Refreshing native plugins compatible for Editor in 2.85 ms, found 5 plugins.
Asset Pipeline Refresh (id=9030cec64bcb7a04ab3939713c447dc7): Total: 0.048 seconds - Initiated by StopAssetImportingV2(NoUpdateAssetOptions)
[Physics::Module] Cleanup current backend.
[Physics::Module] Id: 0xf2b8ea05
Input System module state changed to: ShutdownInProgress.
Input Polling Thread exited.
Input System module state changed to: Shutdown.
[Licensing::IpcConnector] LicenseClient-Admin-notifications channel disconnected successfully.
[Licensing::IpcConnector] LicenseClient-Admin channel disconnected successfully.
Lingering sessions upon destruction of worker manager
Unity Data Store service was successfully shut down
UDS shutting down local client system
AcceleratorClientConnectionCallback - disconnected - :0
Cleanup mono
CodeReloadManager destroyed
Exiting batchmode successfully now!
[ExitDontLaunchBugReporter] Exiting without the bug reporter. Application will exit with return code 0
